 Network yil_trading_default  Creating
 Network yil_trading_default  Created
/usr/local/lib/python3.11/site-packages/pykrx/__init__.py:4: UserWarning: pkg_resources is deprecated as an API. See https://setuptools.pypa.io/en/latest/pkg_resources.html. The pkg_resources package is slated for removal as early as 2025-11-30. Refrain from using this package or pin to Setuptools<81.
  import pkg_resources
Traceback (most recent call last):
  File "/app/SP_YIL.py", line 17, in <module>
    from makedata.get_dataset_2 import get_dataset
  File "/app/makedata/get_dataset_2.py", line 5, in <module>
    matplotlib.use("TkAgg")   # 또는 "QtAgg" (PyQt5/PySide6 설치 필요)
    ^^^^^^^^^^^^^^^^^^^^^^^
  File "/usr/local/lib/python3.11/site-packages/matplotlib/__init__.py", line 1284, in use
    plt.switch_backend(name)
  File "/usr/local/lib/python3.11/site-packages/matplotlib/pyplot.py", line 425, in switch_backend
    module = backend_registry.load_backend_module(newbackend)
             ^^^^^^^^^^^^^^^^^^^^^^^^^^^^^^^^^^^^^^^^^^^^^^^^
  File "/usr/local/lib/python3.11/site-packages/matplotlib/backends/registry.py", line 317, in load_backend_module
    return importlib.import_module(module_name)
           ^^^^^^^^^^^^^^^^^^^^^^^^^^^^^^^^^^^^
  File "/usr/local/lib/python3.11/importlib/__init__.py", line 126, in import_module
    return _bootstrap._gcd_import(name[level:], package, level)
           ^^^^^^^^^^^^^^^^^^^^^^^^^^^^^^^^^^^^^^^^^^^^^^^^^^^^
  File "/usr/local/lib/python3.11/site-packages/matplotlib/backends/backend_tkagg.py", line 1, in <module>
    from . import _backend_tk
  File "/usr/local/lib/python3.11/site-packages/matplotlib/backends/_backend_tk.py", line 9, in <module>
    import tkinter as tk
  File "/usr/local/lib/python3.11/tkinter/__init__.py", line 38, in <module>
    import _tkinter # If this fails your Python may not be configured for Tk
    ^^^^^^^^^^^^^^^
ImportError: libtk8.6.so: cannot open shared object file: No such file or directory

